// Jest Snapshot v1, https://goo.gl/fbAQLP

exports[`isSmaller should be match to snapshot 1`] = `"No"`;
